2023-12-20T12:09:35.118+0800	INFO	test/logger_test.go:20	111
